// Jest Snapshot v1, https://goo.gl/fbAQLP

exports[`Pruebas en GifItems Debe de hacer math con el snapshot 1`] = `
<div>
  <div
    class="card"
  >
    <img
      alt="Saitama"
      src="https://naruto.com/Naruto"
    />
    <p>
      Saitama
    </p>
  </div>
</div>
`;
